###############################################################################
#
# IAR Assembler V2.10.3.153 for STM8                      20/Sep/2015  09:36:39
# Copyright 2010-2015 IAR Systems AB.
#
#    Source file  =  
#        D:\###WORK###\STM8\+++\litenkjerne-master\ltkrn-stm8-iar.asm
#    Command line =  
#        D:\###WORK###\STM8\+++\litenkjerne-master\ltkrn-stm8-iar.asm -M<> -r
#        -ld D:\###WORK###\STM8\+++\litenkjerne-master\Debug\List\ --code_model
#        small --data_model small -o
#        D:\###WORK###\STM8\+++\litenkjerne-master\Debug\Obj\
#    List file    =  
#        D:\###WORK###\STM8\+++\litenkjerne-master\Debug\List\ltkrn-stm8-iar.lst
#    Object file  =  
#        D:\###WORK###\STM8\+++\litenkjerne-master\Debug\Obj\ltkrn-stm8-iar.o
#
###############################################################################

##############################################################################
# Module liten_kjerne                                                        #
##############################################################################

     49                        
 
 68 bytes in section .near_func.text  , module liten_kjerne
 
 68 bytes of CODE memory  in module liten_kjerne

Errors: none
Warnings: none
