###############################################################################
#
# IAR ELF Linker V2.10.3.153 for STM8                     14/Nov/2015  00:25:44
# Copyright 2010-2015 IAR Systems AB.
#
#    Output file  =  D:\###WORK###\STM8\STM8\tiggomirror\Debug\Exe\locker.out
#    Map file     =  D:\###WORK###\STM8\STM8\tiggomirror\Debug\List\locker.map
#    Command line =  
#        D:\###WORK###\STM8\STM8\tiggomirror\Debug\Obj\beep.o
#        D:\###WORK###\STM8\STM8\tiggomirror\Debug\Obj\delay.o
#        D:\###WORK###\STM8\STM8\tiggomirror\Debug\Obj\ds18b20.o
#        D:\###WORK###\STM8\STM8\tiggomirror\Debug\Obj\eemem.o
#        D:\###WORK###\STM8\STM8\tiggomirror\Debug\Obj\led_driver.o
#        D:\###WORK###\STM8\STM8\tiggomirror\Debug\Obj\main.o
#        D:\###WORK###\STM8\STM8\tiggomirror\Debug\Obj\mirror.o
#        D:\###WORK###\STM8\STM8\tiggomirror\Debug\Obj\stm8s_beep.o
#        D:\###WORK###\STM8\STM8\tiggomirror\Debug\Obj\stm8s_clk.o
#        D:\###WORK###\STM8\STM8\tiggomirror\Debug\Obj\stm8s_flash.o
#        D:\###WORK###\STM8\STM8\tiggomirror\Debug\Obj\stm8s_gpio.o
#        D:\###WORK###\STM8\STM8\tiggomirror\Debug\Obj\stm8s_it.o
#        D:\###WORK###\STM8\STM8\tiggomirror\Debug\Obj\stm8s_spi.o
#        D:\###WORK###\STM8\STM8\tiggomirror\Debug\Obj\stm8s_tim2.o
#        D:\###WORK###\STM8\STM8\tiggomirror\Debug\Obj\stm8s_tim4.o
#        D:\###WORK###\STM8\STM8\tiggomirror\Debug\Obj\stm8s_uart1.o --redirect
#        _Printf=_PrintfLarge --redirect _Scanf=_ScanfFullNoMb -o
#        D:\###WORK###\STM8\STM8\tiggomirror\Debug\Exe\locker.out --map
#        D:\###WORK###\STM8\STM8\tiggomirror\Debug\List\locker.map --log
#        sections --log_file
#        D:\###WORK###\STM8\STM8\tiggomirror\Debug\List\locker.log --config
#        "C:\Program Files (x86)\IAR Systems\Embedded Workbench
#        7.0\stm8\config\lnkstm8s003f3.icf" --config_def _CSTACK_SIZE=0x300
#        --config_def _HEAP_SIZE=0x200 --entry __iar_program_start --debug_lib
#
###############################################################################

*******************************************************************************
*** RUNTIME MODEL ATTRIBUTES
***

__SystemLibrary            = DLib
__code_model               = small
__core                     = stm8
__data_model               = medium
__dlib_file_descriptor     = 0
__dlib_full_locale_support = 0
__rt_version               = 4


*******************************************************************************
*** PLACEMENT SUMMARY
***

"A1":  place at start of [0x000000-0x0000ff] { rw section .vregs };
"A2":  place at end of [0x000000-0x0003ff] { block CSTACK };
"P2":  place in [from 0x000000 to 0x0003ff] {
          block HEAP, rw section __DLIB_PERTHREAD, rw section .far.bss,
          rw section .far.data, rw section .far.noinit,
          rw section .far_func.textrw, rw section .huge.bss,
          rw section .huge.data, rw section .huge.noinit,
          rw section .huge_func.textrw, rw section .iar.dynexit,
          rw section .near.bss, rw section .near.data, rw section .near.noinit,
          rw section .near_func.textrw };
"A3":  place at start of [0x008000-0x009fff] { block INTVEC };
"P3":  place in [from 0x008000 to 0x009fff] {
          ro section __DLIB_PERTHREAD_init, ro section .far.data_init,
          ro section .far_func.textrw_init, ro section .huge.data_init,
          ro section .huge_func.textrw_init, ro section .iar.init_table,
          ro section .init_array, ro section .near.data_init,
          ro section .near.rodata, ro section .near_func.text,
          ro section .near_func.textrw_init, ro section .tiny.data_init,
          ro section .tiny.rodata_init };

  Section            Kind      Address   Size  Object
  -------            ----      -------   ----  ------
"A1":                                    0x10
  .vregs             uninit   0x000000   0x10  vregs.o [4]
                            - 0x000010   0x10

"P2":                                     0x8
  P2 s0                       0x000010    0x8  <Init block>
    .near.bss        inited   0x000010    0x4  mirror.o [1]
    .near.bss        inited   0x000014    0x2  ds18b20.o [1]
    .near.data       inited   0x000016    0x1  mirror.o [1]
    .near.bss        inited   0x000017    0x1  mirror.o [1]
                            - 0x000018    0x8

"A2":                                   0x300
  CSTACK                      0x000100  0x300  <Block>
    CSTACK           uninit   0x000100  0x300  <Block tail>
                            - 0x000400  0x300

"A3":                                    0x80
  INTVEC                      0x008000   0x80  <Block>
    .intvec          const    0x008000   0x80  interrupt.o [4]
                            - 0x008080   0x80

"P3":                                   0xecc
  .near_func.text    ro code  0x008080   0xe1  mirror.o [1]
  .near_func.text    ro code  0x008161   0xb6  stm8s_gpio.o [1]
  .near_func.text    ro code  0x008217   0xac  ds18b20.o [1]
  .near_func.text    ro code  0x0082c3   0x97  vreg_util.o [4]
  .near_func.text    ro code  0x00835a   0x8a  stm8s_clk.o [1]
  .near_func.text    ro code  0x0083e4   0x85  long.o [4]
  .near.rodata       const    0x008469   0x80  led_driver.o [1]
  .near_func.text    ro code  0x0084e9   0x79  main.o [1]
  .near_func.text    ro code  0x008562   0x76  mirror.o [1]
  .near_func.text    ro code  0x0085d8   0x61  ds18b20.o [1]
  .near_func.text    ro code  0x008639   0x5f  ds18b20.o [1]
  .near_func.text    ro code  0x008698   0x5d  stm8s_clk.o [1]
  .near_func.text    ro code  0x0086f5   0x5b  stm8s_clk.o [1]
  .near_func.text    ro code  0x008750   0x4e  led_driver.o [1]
  .near_func.text    ro code  0x00879e   0x4d  mirror.o [1]
  .near_func.text    ro code  0x0087eb   0x48  ds18b20.o [1]
  .near_func.text    ro code  0x008833   0x47  delay.o [1]
  .near_func.text    ro code  0x00887a   0x43  mirror.o [1]
  .near_func.text    ro code  0x0088bd   0x41  led_driver.o [1]
  .near_func.text    ro code  0x0088fe   0x40  delay.o [1]
  .near_func.text    ro code  0x00893e   0x3e  main.o [1]
  .near_func.text    ro code  0x00897c   0x3d  stm8s_spi.o [1]
  .near_func.text    ro code  0x0089b9   0x3c  mirror.o [1]
  .near_func.text    ro code  0x0089f5   0x38  mirror.o [1]
  .near_func.text    ro code  0x008a2d   0x36  ds18b20.o [1]
  .near_func.text    ro code  0x008a63   0x36  led_driver.o [1]
  .near_func.text    ro code  0x008a99   0x34  ds18b20.o [1]
  .near_func.text    ro code  0x008acd   0x31  stm8s_clk.o [1]
  .near_func.text    ro code  0x008afe   0x31  short.o [4]
  .near_func.text    ro code  0x008b2f   0x2d  led_driver.o [1]
  .near_func.text    ro code  0x008b5c   0x2c  main.o [1]
  .near_func.text    ro code  0x008b88   0x2c  stm8s_beep.o [1]
  .near_func.text    ro code  0x008bb4   0x2b  eemem.o [1]
  .near_func.text    ro code  0x008bdf   0x2a  stm8s_tim2.o [1]
  .near_func.text    ro code  0x008c09   0x29  led_driver.o [1]
  .near_func.text    ro code  0x008c32   0x29  mirror.o [1]
  .near_func.text    ro code  0x008c5b   0x28  init_small.o [4]
  .near_func.text    ro code  0x008c83   0x26  long_util.o [4]
  .near_func.text    ro code  0x008ca9   0x24  stm8s_it.o [1]
  .iar.init_table    const    0x008ccd    0xa  - Linker created -
  .near_func.text    ro code  0x008cd7   0x1e  stm8s_gpio.o [1]
  .near_func.text    ro code  0x008cf5   0x1d  led_driver.o [1]
  .near_func.text    ro code  0x008d12   0x1d  led_driver.o [1]
  .near_func.text    ro code  0x008d2f   0x1d  mirror.o [1]
  .near_func.text    ro code  0x008d4c   0x1b  beep.o [1]
  .near_func.text    ro code  0x008d67   0x1a  stm8s_tim2.o [1]
  .near_func.text    ro code  0x008d81   0x19  stm8s_spi.o [1]
  .near_func.text    ro code  0x008d9a   0x17  led_driver.o [1]
  .near_func.text    ro code  0x008db1   0x17  stm8s_flash.o [1]
  .near_func.text    ro code  0x008dc8   0x17  init.o [4]
  .near_func.text    ro code  0x008ddf   0x16  stm8s_tim2.o [1]
  .near_func.text    ro code  0x008df5   0x15  stm8s_spi.o [1]
  .near_func.text    ro code  0x008e0a   0x14  __dbg_xxexit.o [3]
  .near_func.text    ro code  0x008e1e   0x13  cstartup.o [4]
  .near_func.text    ro code  0x008e31    0xf  main.o [1]
  .near_func.text    ro code  0x008e40    0xf  mirror.o [1]
  .near_func.text    ro code  0x008e4f    0xf  stm8s_tim2.o [1]
  .near_func.text    ro code  0x008e5e    0xe  stm8s_beep.o [1]
  .near_func.text    ro code  0x008e6c    0xe  stm8s_clk.o [1]
  .near_func.text    ro code  0x008e7a    0xe  stm8s_clk.o [1]
  .near_func.text    ro code  0x008e88    0xe  stm8s_clk.o [1]
  .near_func.text    ro code  0x008e96    0xe  stm8s_spi.o [1]
  .near_func.text    ro code  0x008ea4    0xe  stm8s_tim2.o [1]
  .near_func.text    ro code  0x008eb2    0xd  main.o [1]
  .near_func.text    ro code  0x008ebf    0xd  move.o [4]
  .near_func.text    ro code  0x008ecc    0xd  dc_util.o [4]
  .near_func.text    ro code  0x008ed9    0xb  stm8s_flash.o [1]
  .near_func.text    ro code  0x008ee4    0xa  stm8s_tim2.o [1]
  .near_func.text    ro code  0x008eee    0x9  stm8s_tim2.o [1]
  .near_func.text    ro code  0x008ef7    0x8  stm8s_gpio.o [1]
  .near_func.text    ro code  0x008eff    0x7  beep.o [1]
  .near_func.text    ro code  0x008f06    0x7  stm8s_gpio.o [1]
  .near_func.text    ro code  0x008f0d    0x5  stm8s_beep.o [1]
  .near_func.text    ro code  0x008f12    0x5  cexit.o [4]
  .near_func.text    ro code  0x008f17    0x4  eemem.o [1]
  .near_func.text    ro code  0x008f1b    0x4  stm8s_spi.o [1]
  .near_func.text    ro code  0x008f1f    0x3  stm8s_gpio.o [1]
  .near_func.text    ro code  0x008f22    0x3  interrupt.o [4]
  .near_func.text    ro code  0x008f25    0x3  low_level_init.o [4]
  .near_func.text    ro code  0x008f28    0x3  exit.o [4]
  .near_func.text    ro code  0x008f2b    0x3  unhandled_exception.o [4]
  .near.rodata       const    0x008f2e    0x2  ds18b20.o [1]
  .near_func.text    ro code  0x008f30    0x1  stm8s_it.o [1]
  .near_func.text    ro code  0x008f31    0x1  stm8s_it.o [1]
  .near_func.text    ro code  0x008f32    0x1  stm8s_it.o [1]
  .near_func.text    ro code  0x008f33    0x1  stm8s_it.o [1]
  .near_func.text    ro code  0x008f34    0x1  stm8s_it.o [1]
  .near_func.text    ro code  0x008f35    0x1  stm8s_it.o [1]
  .near_func.text    ro code  0x008f36    0x1  stm8s_it.o [1]
  .near_func.text    ro code  0x008f37    0x1  stm8s_it.o [1]
  .near_func.text    ro code  0x008f38    0x1  stm8s_it.o [1]
  .near_func.text    ro code  0x008f39    0x1  stm8s_it.o [1]
  .near_func.text    ro code  0x008f3a    0x1  stm8s_it.o [1]
  .near_func.text    ro code  0x008f3b    0x1  stm8s_it.o [1]
  .near_func.text    ro code  0x008f3c    0x1  stm8s_it.o [1]
  .near_func.text    ro code  0x008f3d    0x1  stm8s_it.o [1]
  .near_func.text    ro code  0x008f3e    0x1  stm8s_it.o [1]
  .near_func.text    ro code  0x008f3f    0x1  stm8s_it.o [1]
  .near_func.text    ro code  0x008f40    0x1  stm8s_it.o [1]
  .near_func.text    ro code  0x008f41    0x1  stm8s_it.o [1]
  .near_func.text    ro code  0x008f42    0x1  stm8s_it.o [1]
  .near_func.text    ro code  0x008f43    0x1  __dbg_break.o [3]
  Initializer bytes  ro data  0x008f44    0x8  <for P2 s0>
                            - 0x008f4c  0xecc


*******************************************************************************
*** INIT TABLE
***

          Address   Size
          -------   ----
Copy (__iar_copy_init2)
    1 source range, total size 0x8:
          0x008f44   0x8
    1 destination range, total size 0x8:
          0x000010   0x8



*******************************************************************************
*** MODULE SUMMARY
***

    Module                 ro code  ro data  rw data
    ------                 -------  -------  -------
D:\###WORK###\STM8\STM8\tiggomirror\Debug\Obj: [1]
    beep.o                      34
    delay.o                    135
    ds18b20.o                  542        4        2
    eemem.o                     47
    led_driver.o               364      128
    main.o                     255
    mirror.o                   688        6        6
    stm8s_beep.o                63
    stm8s_clk.o                413
    stm8s_flash.o               34
    stm8s_gpio.o               230
    stm8s_it.o                  55
    stm8s_spi.o                125
    stm8s_tim2.o               138
    ------------------------------------------------
    Total:                   3 123      138        8

command line: [2]
    ------------------------------------------------
    Total:

dbgstm8smd.a: [3]
    __dbg_break.o                1
    __dbg_xxexit.o              20
    ------------------------------------------------
    Total:                      21

dlstm8smn.a: [4]
    cexit.o                      5
    cstartup.o                  19
    dc_util.o                   13
    exit.o                       3
    init.o                      23
    init_small.o                40
    interrupt.o                  3      128
    long.o                     133
    long_util.o                 38
    low_level_init.o             3
    move.o                      13
    short.o                     49
    unhandled_exception.o        3
    vreg_util.o                151
    vregs.o                                       16
    ------------------------------------------------
    Total:                     496      128       16

    Linker created                       10      768
----------------------------------------------------
    Grand Total:             3 640      276      792


*******************************************************************************
*** ENTRY LIST
***

Entry                    Address  Size  Type      Object
-----                    -------  ----  ----      ------
?b0                     0x000000        Data  Gb  vregs.o [4]
?b1                     0x000001        Data  Gb  vregs.o [4]
?b10                    0x00000a        Data  Gb  vregs.o [4]
?b11                    0x00000b        Data  Gb  vregs.o [4]
?b12                    0x00000c        Data  Gb  vregs.o [4]
?b13                    0x00000d        Data  Gb  vregs.o [4]
?b14                    0x00000e        Data  Gb  vregs.o [4]
?b15                    0x00000f        Data  Gb  vregs.o [4]
?b2                     0x000002        Data  Gb  vregs.o [4]
?b3                     0x000003        Data  Gb  vregs.o [4]
?b4                     0x000004        Data  Gb  vregs.o [4]
?b5                     0x000005        Data  Gb  vregs.o [4]
?b6                     0x000006        Data  Gb  vregs.o [4]
?b7                     0x000007        Data  Gb  vregs.o [4]
?b8                     0x000008        Data  Gb  vregs.o [4]
?b9                     0x000009        Data  Gb  vregs.o [4]
?dc32_l1                0x008ecc        Code  Gb  dc_util.o [4]
?e0                     0x000001        Data  Gb  vregs.o [4]
?e1                     0x000005        Data  Gb  vregs.o [4]
?e2                     0x000009        Data  Gb  vregs.o [4]
?e3                     0x00000d        Data  Gb  vregs.o [4]
?epilogue_l2            0x00834b        Code  Gb  vreg_util.o [4]
?epilogue_l2_w6         0x00834f        Code  Gb  vreg_util.o [4]
?epilogue_w4            0x008356        Code  Gb  vreg_util.o [4]
?inc32_0x_0x            0x0083e9        Code  Gb  long.o [4]
?inc32_l0_l0            0x0083e4        Code  Gb  long.o [4]
?l0                     0x000000        Data  Gb  vregs.o [4]
?l1                     0x000004        Data  Gb  vregs.o [4]
?l2                     0x000008        Data  Gb  vregs.o [4]
?l3                     0x00000c        Data  Gb  vregs.o [4]
?load32_0x_l0           0x008c9b        Code  Gb  long_util.o [4]
?load32_l0_0x           0x008c83        Code  Gb  long_util.o [4]
?load32_l1_0x           0x008c8f        Code  Gb  long_util.o [4]
?move1616_v_x_y_a       0x008ebf        Code  Gb  move.o [4]
?pop_l0                 0x008322        Code  Gb  vreg_util.o [4]
?pop_l1                 0x00832d        Code  Gb  vreg_util.o [4]
?pop_l2                 0x008338        Code  Gb  vreg_util.o [4]
?pop_w4                 0x0082e0        Code  Gb  vreg_util.o [4]
?pop_w6                 0x0082e7        Code  Gb  vreg_util.o [4]
?push_l0                0x0082f6        Code  Gb  vreg_util.o [4]
?push_l1                0x0082fb        Code  Gb  vreg_util.o [4]
?push_l2                0x008300        Code  Gb  vreg_util.o [4]
?push_w4                0x0082c3        Code  Gb  vreg_util.o [4]
?push_w6                0x0082c8        Code  Gb  vreg_util.o [4]
?sdiv16_x_x_y           0x008afe        Code  Gb  short.o [4]
?sll16_x_x_a            0x008b27        Code  Gb  short.o [4]
?smod16_y_x_y           0x008b17        Code  Gb  short.o [4]
?udiv32_l0_l0_l1        0x0083fc        Code  Gb  long.o [4]
?umod32_l1_l0_dl        0x0083f7        Code  Gb  long.o [4]
?umod32_l1_l0_l1        0x0083fc        Code  Gb  long.o [4]
?w0                     0x000000        Data  Gb  vregs.o [4]
?w1                     0x000002        Data  Gb  vregs.o [4]
?w2                     0x000004        Data  Gb  vregs.o [4]
?w3                     0x000006        Data  Gb  vregs.o [4]
?w4                     0x000008        Data  Gb  vregs.o [4]
?w5                     0x00000a        Data  Gb  vregs.o [4]
?w6                     0x00000c        Data  Gb  vregs.o [4]
?w7                     0x00000e        Data  Gb  vregs.o [4]
ADC1_IRQHandler         0x008f40   0x1  Code  Gb  stm8s_it.o [1]
AWU_IRQHandler          0x008f32   0x1  Code  Gb  stm8s_it.o [1]
BEEP_Cmd                0x008e5e   0xe  Code  Gb  stm8s_beep.o [1]
BEEP_DeInit             0x008f0d   0x5  Code  Gb  stm8s_beep.o [1]
BEEP_Init               0x008b88  0x2c  Code  Gb  stm8s_beep.o [1]
CLK_ClockSwitchCmd      0x008e88   0xe  Code  Gb  stm8s_clk.o [1]
CLK_ClockSwitchConfig   0x00835a  0x8a  Code  Gb  stm8s_clk.o [1]
CLK_GetFlagStatus       0x008698  0x5d  Code  Gb  stm8s_clk.o [1]
CLK_HSICmd              0x008e6c   0xe  Code  Gb  stm8s_clk.o [1]
CLK_IRQHandler          0x008f33   0x1  Code  Gb  stm8s_it.o [1]
CLK_LSICmd              0x008e7a   0xe  Code  Gb  stm8s_clk.o [1]
CLK_PeripheralClockConfig
                        0x0086f5  0x5b  Code  Gb  stm8s_clk.o [1]
CLK_SYSCLKConfig        0x008acd  0x31  Code  Gb  stm8s_clk.o [1]
CSTACK$$Base            0x000100         --   Gb  - Linker created -
CSTACK$$Limit           0x000400         --   Gb  - Linker created -
EEPROM_EEC_IRQHandler   0x008f42   0x1  Code  Gb  stm8s_it.o [1]
EXTI_PORTA_IRQHandler   0x008f34   0x1  Code  Gb  stm8s_it.o [1]
EXTI_PORTB_IRQHandler   0x008f35   0x1  Code  Gb  stm8s_it.o [1]
EXTI_PORTC_IRQHandler   0x008f36   0x1  Code  Gb  stm8s_it.o [1]
EXTI_PORTD_IRQHandler   0x008f37   0x1  Code  Gb  stm8s_it.o [1]
EXTI_PORTE_IRQHandler   0x008f38   0x1  Code  Gb  stm8s_it.o [1]
FLASH_Lock              0x008ed9   0xb  Code  Gb  stm8s_flash.o [1]
FLASH_Unlock            0x008db1  0x17  Code  Gb  stm8s_flash.o [1]
GPIO_DeInit             0x008cd7  0x1e  Code  Gb  stm8s_gpio.o [1]
GPIO_Init               0x008161  0xb6  Code  Gb  stm8s_gpio.o [1]
GPIO_ReadInputPin       0x008f1f   0x3  Code  Gb  stm8s_gpio.o [1]
GPIO_WriteHigh          0x008f06   0x7  Code  Gb  stm8s_gpio.o [1]
GPIO_WriteLow           0x008ef7   0x8  Code  Gb  stm8s_gpio.o [1]
GetTemperature          0x008217  0xac  Code  Gb  ds18b20.o [1]
I2C_IRQHandler          0x008f3f   0x1  Code  Gb  stm8s_it.o [1]
INTVEC$$Base            0x008000         --   Gb  - Linker created -
INTVEC$$Limit           0x008080         --   Gb  - Linker created -
Region$$Table$$Base     0x008ccd         --   Gb  - Linker created -
Region$$Table$$Limit    0x008cd7         --   Gb  - Linker created -
SPI_Cmd                 0x008e96   0xe  Code  Gb  stm8s_spi.o [1]
SPI_DeInit              0x008df5  0x15  Code  Gb  stm8s_spi.o [1]
SPI_GetFlagStatus       0x008d81  0x19  Code  Gb  stm8s_spi.o [1]
SPI_IRQHandler          0x008f39   0x1  Code  Gb  stm8s_it.o [1]
SPI_Init                0x00897c  0x3d  Code  Gb  stm8s_spi.o [1]
SPI_SendData            0x008f1b   0x4  Code  Gb  stm8s_spi.o [1]
TIM1_CAP_COM_IRQHandler
                        0x008f3b   0x1  Code  Gb  stm8s_it.o [1]
TIM1_UPD_OVF_TRG_BRK_IRQHandler
                        0x008f3a   0x1  Code  Gb  stm8s_it.o [1]
TIM2_CAP_COM_IRQHandler
                        0x008f3c   0x1  Code  Gb  stm8s_it.o [1]
TIM2_ClearFlag          0x008ee4   0xa  Code  Gb  stm8s_tim2.o [1]
TIM2_ClearITPendingBit  0x008eee   0x9  Code  Gb  stm8s_tim2.o [1]
TIM2_Cmd                0x008ea4   0xe  Code  Gb  stm8s_tim2.o [1]
TIM2_GetITStatus        0x008bdf  0x2a  Code  Gb  stm8s_tim2.o [1]
TIM2_ITConfig           0x008d67  0x1a  Code  Gb  stm8s_tim2.o [1]
TIM2_SetCounter         0x008e4f   0xf  Code  Gb  stm8s_tim2.o [1]
TIM2_TimeBaseInit       0x008ddf  0x16  Code  Gb  stm8s_tim2.o [1]
TIM2_UPD_Handler        0x00879e  0x4d  Code  Gb  mirror.o [1]
TIM2_UPD_OVF_BRK_IRQHandler
                        0x008ca9  0x24  Code  Gb  stm8s_it.o [1]
TIM4_UPD_OVF_IRQHandler
                        0x008f41   0x1  Code  Gb  stm8s_it.o [1]
TLI_IRQHandler          0x008f31   0x1  Code  Gb  stm8s_it.o [1]
TRAP_IRQHandler         0x008f30   0x1  Code  Gb  stm8s_it.o [1]
UART1_RX_IRQHandler     0x008f3e   0x1  Code  Gb  stm8s_it.o [1]
UART1_TX_IRQHandler     0x008f3d   0x1  Code  Gb  stm8s_it.o [1]
__DebugBreak            0x008f43   0x1  Code  Gb  __dbg_break.o [3]
__exit                  0x008e0a  0x14  Code  Gb  __dbg_xxexit.o [3]
__iar_copy_init2        0x008c5b        Code  Gb  init_small.o [4]
__iar_data_init2        0x008dc8  0x17  Code  Gb  init.o [4]
__iar_program_start     0x008e1e        Code  Gb  cstartup.o [4]
__iar_unhandled_exception
                        0x008f2b        Code  Gb  unhandled_exception.o [4]
__intvec                0x008000        Data  Gb  interrupt.o [4]
__low_level_init        0x008f25   0x3  Code  Gb  low_level_init.o [4]
_delay_15us             0x008833  0x47  Code  Gb  delay.o [1]
_exit                   0x008f12        Code  Gb  cexit.o [4]
_interrupt_1            0x008f30        Code  Gb  stm8s_it.o [1]
_interrupt_12           0x008f39        Code  Gb  stm8s_it.o [1]
_interrupt_13           0x008f3a        Code  Gb  stm8s_it.o [1]
_interrupt_14           0x008f3b        Code  Gb  stm8s_it.o [1]
_interrupt_15           0x008ca9        Code  Gb  stm8s_it.o [1]
_interrupt_16           0x008f3c        Code  Gb  stm8s_it.o [1]
_interrupt_19           0x008f3d        Code  Gb  stm8s_it.o [1]
_interrupt_2            0x008f31        Code  Gb  stm8s_it.o [1]
_interrupt_20           0x008f3e        Code  Gb  stm8s_it.o [1]
_interrupt_21           0x008f3f        Code  Gb  stm8s_it.o [1]
_interrupt_24           0x008f40        Code  Gb  stm8s_it.o [1]
_interrupt_25           0x008f41        Code  Gb  stm8s_it.o [1]
_interrupt_26           0x008f42        Code  Gb  stm8s_it.o [1]
_interrupt_3            0x008f32        Code  Gb  stm8s_it.o [1]
_interrupt_4            0x008f33        Code  Gb  stm8s_it.o [1]
_interrupt_5            0x008f34        Code  Gb  stm8s_it.o [1]
_interrupt_6            0x008f35        Code  Gb  stm8s_it.o [1]
_interrupt_7            0x008f36        Code  Gb  stm8s_it.o [1]
_interrupt_8            0x008f37        Code  Gb  stm8s_it.o [1]
_interrupt_9            0x008f38        Code  Gb  stm8s_it.o [1]
activate_leds           0x0089f5  0x38  Code  Gb  mirror.o [1]
beep_high               0x008d4c  0x1b  Code  Gb  beep.o [1]
beep_key                0x008eff   0x7  Code  Gb  beep.o [1]
charTable               0x008469  0x80  Data  Lc  led_driver.o [1]
deactivate_leds         0x008d2f  0x1d  Code  Gb  mirror.o [1]
delay_ms                0x0088fe  0x40  Code  Gb  delay.o [1]
eemem_get_intensity     0x008f17   0x4  Code  Gb  eemem.o [1]
eemem_set_intensity     0x008bb4  0x2b  Code  Gb  eemem.o [1]
exit                    0x008f28   0x3  Code  Gb  exit.o [4]
iCurrentTemp            0x000014   0x2  Data  Gb  ds18b20.o [1]
init_clk                0x00893e  0x3e  Code  Gb  main.o [1]
init_gpio               0x0084e9  0x79  Code  Gb  main.o [1]
init_mcu                0x008eb2   0xd  Code  Gb  main.o [1]
init_spi                0x008b5c  0x2c  Code  Gb  main.o [1]
init_tim2               0x008c32  0x29  Code  Gb  mirror.o [1]
lcd_clear               0x008b2f  0x2d  Code  Gb  led_driver.o [1]
lcd_init                0x008a63  0x36  Code  Gb  led_driver.o [1]
lcd_send                0x008750  0x4e  Code  Gb  led_driver.o [1]
lcd_set_digit           0x0088bd  0x41  Code  Gb  led_driver.o [1]
lcd_set_intensity       0x008d12  0x1d  Code  Gb  led_driver.o [1]
lcd_set_scan_limit      0x008cf5  0x1d  Code  Gb  led_driver.o [1]
lcd_shutdown            0x008c09  0x29  Code  Gb  led_driver.o [1]
lcd_spi_transfer        0x008d9a  0x17  Code  Gb  led_driver.o [1]
led_active              0x000016   0x1  Data  Gb  mirror.o [1]
loop                    0x008e40   0xf  Code  Gb  mirror.o [1]
main                    0x008e31   0xf  Code  Gb  main.o [1]
read_buttons            0x008080  0xe1  Code  Gb  mirror.o [1]
setup                   0x0089b9  0x3c  Code  Gb  mirror.o [1]
show_temp               0x008562  0x76  Code  Gb  mirror.o [1]
therm_read_bit          0x0085d8  0x61  Code  Gb  ds18b20.o [1]
therm_read_byte         0x008a2d  0x36  Code  Lc  ds18b20.o [1]
therm_reset             0x008639  0x5f  Code  Gb  ds18b20.o [1]
therm_write_bit         0x0087eb  0x48  Code  Gb  ds18b20.o [1]
therm_write_byte        0x008a99  0x34  Code  Gb  ds18b20.o [1]
tim_millis_counter      0x000010   0x4  Data  Gb  mirror.o [1]
update_leds             0x00887a  0x43  Code  Gb  mirror.o [1]
update_temp             0x000017   0x1  Data  Gb  mirror.o [1]


[1] = D:\###WORK###\STM8\STM8\tiggomirror\Debug\Obj
[2] = command line
[3] = dbgstm8smd.a
[4] = dlstm8smn.a

  3 640 bytes of readonly  code memory
    276 bytes of readonly  data memory
    792 bytes of readwrite data memory

Errors: none
Warnings: none
